// Jest Snapshot v1, https://goo.gl/fbAQLP

exports[`generateFiles should match snapshot of calls 1`] = `Array []`;
